slurmstepd: info: Setting TMPDIR to /scratch/10136723. Previous errors about TMPDIR can be discarded
======================================
BERT BASELINE - SQuAD
======================================
Job ID: 10136723
Node: a100-29
Date: Wed Sep 30 11:31:11 AM CEST 2026

GPU information:
Wed Sep 30 11:31:11 2026       
+-----------------------------------------------------------------------------------------+
| NVIDIA-SMI 570.86.15              Driver Version: 570.86.15      CUDA Version: 12.8     |
|-----------------------------------------+------------------------+----------------------+
| GPU  Name                 Persistence-M | Bus-Id          Disp.A | Volatile Uncorr. ECC |
| Fan  Temp   Perf          Pwr:Usage/Cap |           Memory-Usage | GPU-Util  Compute M. |
|                                         |                        |               MIG M. |
|=========================================+========================+======================|
|   0  NVIDIA A100-PCIE-40GB          On  |   00000000:17:00.0 Off |                    0 |
| N/A   32C    P0             35W /  250W |       1MiB /  40960MiB |      0%      Default |
|                                         |                        |             Disabled |
+-----------------------------------------+------------------------+----------------------+
                                                                                         
+-----------------------------------------------------------------------------------------+
| Processes:                                                                              |
|  GPU   GI   CI              PID   Type   Process name                        GPU Memory |
|        ID   ID                                                               Usage      |
|=========================================================================================|
|  No running processes found                                                             |
+-----------------------------------------------------------------------------------------+

Python:
Python 3.10.8

PyTorch / CUDA:
PyTorch: 2.14.0+cu126
CUDA available: True
CUDA version: 12.6
GPU: NVIDIA A100-PCIE-40GB

======================================
Starting BERT + SQuAD training
======================================
09/30/2026 11:31:35 - WARNING - __main__ - Process rank: 0, device: cuda:0, n_gpu: 1, distributed training: False, 16-bits training: False
09/30/2026 11:31:35 - INFO - __main__ - Training/evaluation parameters TrainingArguments(
accelerator_config={'split_batches': False, 'dispatch_batches': None, 'even_batches': True, 'use_seedable_sampler': True, 'non_blocking': False, 'gradient_accumulation_kwargs': None, 'use_configured_state': False},
adam_beta1=0.9,
adam_beta2=0.999,
adam_epsilon=1e-08,
auto_find_batch_size=False,
average_tokens_across_devices=True,
batch_eval_metrics=False,
bf16=False,
bf16_full_eval=False,
data_seed=None,
dataloader_drop_last=False,
dataloader_in_order=True,
dataloader_multiprocessing_context=None,
dataloader_num_workers=0,
dataloader_persistent_workers=False,
dataloader_pin_memory=True,
dataloader_prefetch_factor=None,
ddp_backend=None,
ddp_broadcast_buffers=None,
ddp_bucket_cap_mb=None,
ddp_find_unused_parameters=None,
ddp_static_graph=None,
ddp_timeout=1800,
debug=[],
deepspeed=None,
disable_tqdm=False,
do_eval=True,
do_predict=False,
do_train=True,
enable_jit_checkpoint=False,
eval_accumulation_steps=None,
eval_delay=0,
eval_do_concat_batches=True,
eval_on_start=False,
eval_steps=None,
eval_strategy=epoch,
eval_use_gather_object=False,
fp16=False,
fp16_full_eval=False,
fsdp=None,
fsdp_config=None,
full_determinism=False,
gradient_accumulation_steps=1,
gradient_checkpointing=False,
gradient_checkpointing_kwargs=None,
greater_is_better=None,
hub_always_push=False,
hub_model_id=None,
hub_private_repo=None,
hub_revision=None,
hub_strategy=every_save,
hub_token=<HUB_TOKEN>,
ignore_data_skip=False,
include_for_metrics=[],
include_num_input_tokens_seen=no,
label_names=None,
label_smoothing_factor=0.0,
learning_rate=3e-05,
length_column_name=length,
liger_kernel_config=None,
load_best_model_at_end=False,
local_rank=-1,
log_level=passive,
log_level_replica=warning,
log_on_each_node=True,
logging_first_step=False,
logging_nan_inf_filter=True,
logging_steps=100,
logging_strategy=steps,
lr_scheduler_kwargs=None,
lr_scheduler_type=linear,
max_grad_norm=1.0,
max_steps=-1,
metric_for_best_model=None,
neftune_noise_alpha=None,
num_train_epochs=2.0,
optim=adamw_torch_fused,
optim_args=None,
optim_target_modules=None,
output_dir=./output,
parallelism_config=None,
per_device_eval_batch_size=16,
per_device_train_batch_size=16,
prediction_loss_only=False,
project=huggingface,
push_to_hub=False,
remove_unused_columns=True,
report_to=[],
restore_callback_states_from_checkpoint=False,
resume_from_checkpoint=None,
run_name=None,
save_on_each_node=False,
save_only_model=False,
save_steps=500,
save_strategy=epoch,
save_total_limit=None,
seed=42,
skip_memory_metrics=True,
tf32=None,
torch_compile=False,
torch_compile_backend=None,
torch_compile_mode=None,
torch_empty_cache_steps=None,
trackio_bucket_id=None,
trackio_space_id=None,
trackio_static_space_id=None,
train_sampling_strategy=random,
use_cache=False,
use_cpu=False,
use_liger_kernel=False,
warmup_steps=0,
weight_decay=0.0,
)
09/30/2026 11:31:35 - WARNING - huggingface_hub.utils._http - Warning: You are sending unauthenticated requests to the HF Hub. Please set a HF_TOKEN to enable higher rate limits and faster downloads.
09/30/2026 11:31:37 - INFO - datasets.builder - Found cached dataset squad (/home/ulc/cursos/curso373/.cache/huggingface/datasets/rajpurkar___squad/plain_text/0.0.0/7b6d24c440a36b6815f21b70d25016731768db1f)
09/30/2026 11:31:44 - INFO - datasets.arrow_dataset - Caching processed dataset at /home/ulc/cursos/curso373/.cache/huggingface/datasets/rajpurkar___squad/plain_text/0.0.0/7b6d24c440a36b6815f21b70d25016731768db1f/cache-bf0ed1a80531de23.arrow
09/30/2026 11:32:04 - INFO - datasets.arrow_dataset - Caching processed dataset at /home/ulc/cursos/curso373/.cache/huggingface/datasets/rajpurkar___squad/plain_text/0.0.0/7b6d24c440a36b6815f21b70d25016731768db1f/cache-b73e57e91caac1d4.arrow
09/30/2026 11:32:09 - WARNING - accelerate.utils.other - [RANK 0] Detected kernel version 4.18.0, which is below the recommended minimum of 5.5.0; this can cause the process to hang. It is recommended to upgrade the kernel to the minimum version or higher.
{'loss': '3.752', 'grad_norm': '19.83', 'learning_rate': '2.973e-05', 'epoch': '0.01808'}
{'loss': '2.426', 'grad_norm': '19.49', 'learning_rate': '2.946e-05', 'epoch': '0.03616'}
{'loss': '1.912', 'grad_norm': '15.15', 'learning_rate': '2.919e-05', 'epoch': '0.05424'}
{'loss': '1.688', 'grad_norm': '16.52', 'learning_rate': '2.892e-05', 'epoch': '0.07232'}
{'loss': '1.601', 'grad_norm': '14.47', 'learning_rate': '2.865e-05', 'epoch': '0.0904'}
{'loss': '1.579', 'grad_norm': '15.93', 'learning_rate': '2.838e-05', 'epoch': '0.1085'}
{'loss': '1.536', 'grad_norm': '18.82', 'learning_rate': '2.81e-05', 'epoch': '0.1266'}
{'loss': '1.407', 'grad_norm': '17.46', 'learning_rate': '2.783e-05', 'epoch': '0.1446'}
{'loss': '1.366', 'grad_norm': '19.47', 'learning_rate': '2.756e-05', 'epoch': '0.1627'}
{'loss': '1.389', 'grad_norm': '16.82', 'learning_rate': '2.729e-05', 'epoch': '0.1808'}
{'loss': '1.352', 'grad_norm': '18.55', 'learning_rate': '2.702e-05', 'epoch': '0.1989'}
{'loss': '1.331', 'grad_norm': '11.48', 'learning_rate': '2.675e-05', 'epoch': '0.217'}
{'loss': '1.285', 'grad_norm': '14.82', 'learning_rate': '2.648e-05', 'epoch': '0.235'}
{'loss': '1.279', 'grad_norm': '13.83', 'learning_rate': '2.621e-05', 'epoch': '0.2531'}
{'loss': '1.196', 'grad_norm': '17.64', 'learning_rate': '2.593e-05', 'epoch': '0.2712'}
{'loss': '1.272', 'grad_norm': '12.69', 'learning_rate': '2.566e-05', 'epoch': '0.2893'}
{'loss': '1.214', 'grad_norm': '15.99', 'learning_rate': '2.539e-05', 'epoch': '0.3074'}
{'loss': '1.193', 'grad_norm': '14.74', 'learning_rate': '2.512e-05', 'epoch': '0.3254'}
{'loss': '1.259', 'grad_norm': '24.18', 'learning_rate': '2.485e-05', 'epoch': '0.3435'}
{'loss': '1.261', 'grad_norm': '24.32', 'learning_rate': '2.458e-05', 'epoch': '0.3616'}
{'loss': '1.195', 'grad_norm': '21.26', 'learning_rate': '2.431e-05', 'epoch': '0.3797'}
{'loss': '1.217', 'grad_norm': '12.26', 'learning_rate': '2.404e-05', 'epoch': '0.3978'}
{'loss': '1.208', 'grad_norm': '17.28', 'learning_rate': '2.377e-05', 'epoch': '0.4158'}
{'loss': '1.176', 'grad_norm': '12.82', 'learning_rate': '2.349e-05', 'epoch': '0.4339'}
{'loss': '1.153', 'grad_norm': '16.7', 'learning_rate': '2.322e-05', 'epoch': '0.452'}
{'loss': '1.111', 'grad_norm': '16.45', 'learning_rate': '2.295e-05', 'epoch': '0.4701'}
{'loss': '1.174', 'grad_norm': '15.96', 'learning_rate': '2.268e-05', 'epoch': '0.4882'}
{'loss': '1.186', 'grad_norm': '21.45', 'learning_rate': '2.241e-05', 'epoch': '0.5062'}
{'loss': '1.16', 'grad_norm': '15.67', 'learning_rate': '2.214e-05', 'epoch': '0.5243'}
{'loss': '1.141', 'grad_norm': '11.22', 'learning_rate': '2.187e-05', 'epoch': '0.5424'}
{'loss': '1.069', 'grad_norm': '10.51', 'learning_rate': '2.16e-05', 'epoch': '0.5605'}
{'loss': '1.1', 'grad_norm': '12.22', 'learning_rate': '2.132e-05', 'epoch': '0.5786'}
{'loss': '1.111', 'grad_norm': '10.41', 'learning_rate': '2.105e-05', 'epoch': '0.5966'}
{'loss': '1.06', 'grad_norm': '15.11', 'learning_rate': '2.078e-05', 'epoch': '0.6147'}
{'loss': '1.06', 'grad_norm': '14.94', 'learning_rate': '2.051e-05', 'epoch': '0.6328'}
{'loss': '1.074', 'grad_norm': '10.41', 'learning_rate': '2.024e-05', 'epoch': '0.6509'}
{'loss': '1.07', 'grad_norm': '14.1', 'learning_rate': '1.997e-05', 'epoch': '0.669'}
{'loss': '1.123', 'grad_norm': '15.65', 'learning_rate': '1.97e-05', 'epoch': '0.687'}
{'loss': '1.108', 'grad_norm': '13.75', 'learning_rate': '1.943e-05', 'epoch': '0.7051'}
{'loss': '1.067', 'grad_norm': '11.86', 'learning_rate': '1.915e-05', 'epoch': '0.7232'}
{'loss': '1.093', 'grad_norm': '12.51', 'learning_rate': '1.888e-05', 'epoch': '0.7413'}
{'loss': '1.096', 'grad_norm': '9.21', 'learning_rate': '1.861e-05', 'epoch': '0.7594'}
{'loss': '1.093', 'grad_norm': '14.19', 'learning_rate': '1.834e-05', 'epoch': '0.7774'}
{'loss': '1.042', 'grad_norm': '17.58', 'learning_rate': '1.807e-05', 'epoch': '0.7955'}
{'loss': '0.9715', 'grad_norm': '14.31', 'learning_rate': '1.78e-05', 'epoch': '0.8136'}
{'loss': '1.017', 'grad_norm': '9.646', 'learning_rate': '1.753e-05', 'epoch': '0.8317'}
{'loss': '1.045', 'grad_norm': '14.87', 'learning_rate': '1.726e-05', 'epoch': '0.8498'}
{'loss': '1.065', 'grad_norm': '12.9', 'learning_rate': '1.699e-05', 'epoch': '0.8678'}
{'loss': '1.047', 'grad_norm': '9.097', 'learning_rate': '1.671e-05', 'epoch': '0.8859'}
{'loss': '1.084', 'grad_norm': '13.43', 'learning_rate': '1.644e-05', 'epoch': '0.904'}
{'loss': '1.024', 'grad_norm': '9.987', 'learning_rate': '1.617e-05', 'epoch': '0.9221'}
{'loss': '0.9671', 'grad_norm': '18.62', 'learning_rate': '1.59e-05', 'epoch': '0.9402'}
{'loss': '1.031', 'grad_norm': '20.16', 'learning_rate': '1.563e-05', 'epoch': '0.9582'}
{'loss': '1.02', 'grad_norm': '16.48', 'learning_rate': '1.536e-05', 'epoch': '0.9763'}
{'loss': '1.006', 'grad_norm': '15.68', 'learning_rate': '1.509e-05', 'epoch': '0.9944'}
09/30/2026 11:56:11 - INFO - utils_qa - Post-processing 10570 example predictions split into 10753 features.
09/30/2026 11:56:18 - INFO - utils_qa - Saving predictions to ./output/eval_predictions.json.
09/30/2026 11:56:18 - INFO - utils_qa - Saving nbest_preds to ./output/eval_nbest_predictions.json.
{'eval_exact_match': '80.09', 'eval_f1': '87.61', 'eval_runtime': '55.63', 'eval_samples_per_second': '193.3', 'eval_steps_per_second': '12.1', 'epoch': '1'}
{'loss': '0.8402', 'grad_norm': '16.99', 'learning_rate': '1.482e-05', 'epoch': '1.012'}
{'loss': '0.6844', 'grad_norm': '12.12', 'learning_rate': '1.454e-05', 'epoch': '1.031'}
{'loss': '0.7204', 'grad_norm': '7.702', 'learning_rate': '1.427e-05', 'epoch': '1.049'}
{'loss': '0.7602', 'grad_norm': '14.14', 'learning_rate': '1.4e-05', 'epoch': '1.067'}
{'loss': '0.7303', 'grad_norm': '15.54', 'learning_rate': '1.373e-05', 'epoch': '1.085'}
{'loss': '0.7974', 'grad_norm': '10.81', 'learning_rate': '1.346e-05', 'epoch': '1.103'}
{'loss': '0.8134', 'grad_norm': '7.513', 'learning_rate': '1.319e-05', 'epoch': '1.121'}
{'loss': '0.7422', 'grad_norm': '10.66', 'learning_rate': '1.292e-05', 'epoch': '1.139'}
{'loss': '0.7215', 'grad_norm': '10.3', 'learning_rate': '1.265e-05', 'epoch': '1.157'}
{'loss': '0.7113', 'grad_norm': '12.79', 'learning_rate': '1.237e-05', 'epoch': '1.175'}
{'loss': '0.7472', 'grad_norm': '4.309', 'learning_rate': '1.21e-05', 'epoch': '1.193'}
{'loss': '0.7416', 'grad_norm': '14.24', 'learning_rate': '1.183e-05', 'epoch': '1.211'}
{'loss': '0.7634', 'grad_norm': '8.566', 'learning_rate': '1.156e-05', 'epoch': '1.229'}
{'loss': '0.7451', 'grad_norm': '20.65', 'learning_rate': '1.129e-05', 'epoch': '1.248'}
{'loss': '0.6916', 'grad_norm': '18.16', 'learning_rate': '1.102e-05', 'epoch': '1.266'}
{'loss': '0.7384', 'grad_norm': '13.29', 'learning_rate': '1.075e-05', 'epoch': '1.284'}
{'loss': '0.7454', 'grad_norm': '10.24', 'learning_rate': '1.048e-05', 'epoch': '1.302'}
{'loss': '0.7561', 'grad_norm': '10.54', 'learning_rate': '1.021e-05', 'epoch': '1.32'}
{'loss': '0.7261', 'grad_norm': '14.06', 'learning_rate': '9.934e-06', 'epoch': '1.338'}
{'loss': '0.7429', 'grad_norm': '10.26', 'learning_rate': '9.663e-06', 'epoch': '1.356'}
{'loss': '0.6875', 'grad_norm': '10', 'learning_rate': '9.392e-06', 'epoch': '1.374'}
{'loss': '0.7191', 'grad_norm': '11.35', 'learning_rate': '9.12e-06', 'epoch': '1.392'}
{'loss': '0.7267', 'grad_norm': '13.63', 'learning_rate': '8.849e-06', 'epoch': '1.41'}
{'loss': '0.7469', 'grad_norm': '10.78', 'learning_rate': '8.578e-06', 'epoch': '1.428'}
{'loss': '0.7356', 'grad_norm': '13.26', 'learning_rate': '8.307e-06', 'epoch': '1.446'}
{'loss': '0.7071', 'grad_norm': '14.82', 'learning_rate': '8.036e-06', 'epoch': '1.464'}
{'loss': '0.7495', 'grad_norm': '13.77', 'learning_rate': '7.764e-06', 'epoch': '1.483'}
{'loss': '0.7569', 'grad_norm': '13.27', 'learning_rate': '7.493e-06', 'epoch': '1.501'}
{'loss': '0.7518', 'grad_norm': '19.37', 'learning_rate': '7.222e-06', 'epoch': '1.519'}
{'loss': '0.7037', 'grad_norm': '9.833', 'learning_rate': '6.951e-06', 'epoch': '1.537'}
{'loss': '0.7294', 'grad_norm': '6.831', 'learning_rate': '6.68e-06', 'epoch': '1.555'}
{'loss': '0.7276', 'grad_norm': '6.898', 'learning_rate': '6.408e-06', 'epoch': '1.573'}
{'loss': '0.7395', 'grad_norm': '17.68', 'learning_rate': '6.137e-06', 'epoch': '1.591'}
{'loss': '0.7071', 'grad_norm': '9.385', 'learning_rate': '5.866e-06', 'epoch': '1.609'}
{'loss': '0.7004', 'grad_norm': '10.05', 'learning_rate': '5.595e-06', 'epoch': '1.627'}
{'loss': '0.7299', 'grad_norm': '10.44', 'learning_rate': '5.324e-06', 'epoch': '1.645'}
{'loss': '0.7819', 'grad_norm': '6.798', 'learning_rate': '5.052e-06', 'epoch': '1.663'}
{'loss': '0.7041', 'grad_norm': '12.41', 'learning_rate': '4.781e-06', 'epoch': '1.681'}
{'loss': '0.6687', 'grad_norm': '11.91', 'learning_rate': '4.51e-06', 'epoch': '1.7'}
{'loss': '0.7217', 'grad_norm': '16.82', 'learning_rate': '4.239e-06', 'epoch': '1.718'}
{'loss': '0.6926', 'grad_norm': '12.05', 'learning_rate': '3.968e-06', 'epoch': '1.736'}
{'loss': '0.7141', 'grad_norm': '7.568', 'learning_rate': '3.696e-06', 'epoch': '1.754'}
{'loss': '0.7309', 'grad_norm': '9.684', 'learning_rate': '3.425e-06', 'epoch': '1.772'}
{'loss': '0.7379', 'grad_norm': '7.568', 'learning_rate': '3.154e-06', 'epoch': '1.79'}
{'loss': '0.7166', 'grad_norm': '8.166', 'learning_rate': '2.883e-06', 'epoch': '1.808'}
{'loss': '0.6534', 'grad_norm': '14.88', 'learning_rate': '2.612e-06', 'epoch': '1.826'}
{'loss': '0.7155', 'grad_norm': '9.756', 'learning_rate': '2.34e-06', 'epoch': '1.844'}
{'loss': '0.7329', 'grad_norm': '19.33', 'learning_rate': '2.069e-06', 'epoch': '1.862'}
{'loss': '0.7043', 'grad_norm': '14.89', 'learning_rate': '1.798e-06', 'epoch': '1.88'}
{'loss': '0.6241', 'grad_norm': '5.076', 'learning_rate': '1.527e-06', 'epoch': '1.898'}
{'loss': '0.728', 'grad_norm': '12.16', 'learning_rate': '1.256e-06', 'epoch': '1.916'}
{'loss': '0.6915', 'grad_norm': '11.92', 'learning_rate': '9.845e-07', 'epoch': '1.935'}
{'loss': '0.75', 'grad_norm': '15.96', 'learning_rate': '7.133e-07', 'epoch': '1.953'}
{'loss': '0.6752', 'grad_norm': '13.51', 'learning_rate': '4.421e-07', 'epoch': '1.971'}
{'loss': '0.6756', 'grad_norm': '9.265', 'learning_rate': '1.709e-07', 'epoch': '1.989'}
09/30/2026 12:20:17 - INFO - utils_qa - Post-processing 10570 example predictions split into 10753 features.
09/30/2026 12:20:24 - INFO - utils_qa - Saving predictions to ./output/eval_predictions.json.
09/30/2026 12:20:25 - INFO - utils_qa - Saving nbest_preds to ./output/eval_nbest_predictions.json.
{'eval_exact_match': '80.87', 'eval_f1': '88.33', 'eval_runtime': '55.41', 'eval_samples_per_second': '194.1', 'eval_steps_per_second': '12.15', 'epoch': '2'}
{'train_runtime': '2901', 'train_samples_per_second': '61', 'train_steps_per_second': '3.813', 'train_loss': '0.9934', 'epoch': '2'}
Training time: 2901.59 seconds
Training time: 48.36 minutes
***** train metrics *****
  epoch                    =        2.0
  total_flos               = 32302000GF
  train_loss               =     0.9934
  train_runtime            = 0:48:21.46
  train_samples            =      88492
  train_samples_per_second =     60.998
  train_steps_per_second   =      3.813
  training_time_minutes    =    48.3599
  training_time_seconds    =  2901.5948
09/30/2026 12:20:32 - INFO - __main__ - *** Evaluate ***
09/30/2026 12:21:28 - INFO - utils_qa - Post-processing 10570 example predictions split into 10753 features.
09/30/2026 12:21:35 - INFO - utils_qa - Saving predictions to ./output/eval_predictions.json.
09/30/2026 12:21:35 - INFO - utils_qa - Saving nbest_preds to ./output/eval_nbest_predictions.json.
***** eval metrics *****
  epoch                   =        2.0
  eval_exact_match        =    80.8704
  eval_f1                 =     88.333
  eval_runtime            = 0:00:55.24
  eval_samples            =      10753
  eval_samples_per_second =    194.643
  eval_steps_per_second   =     12.182

======================================
JOB FINISHED
======================================
Wall-clock job execution time: 3019 seconds
End time: Wed Sep 30 12:21:41 PM CEST 2026
